[DEBUG]: (Logger) Writing To: /home/beiop/Documents/vs/mcpi-servers/sports_files/logs/2025-12-23-1.log
[DEBUG]: (Child Process) Running Command:
[DEBUG]: (Child Process)     /tmp/.mount_minecrdmJhad/lib/minecraft-pi-reborn/bootstrap
[DEBUG]: (Bootstrapper) Reborn Version: v3.0.0 (AppImage)
[DEBUG]: (Bootstrapper) Reborn Target Architecture: AMD64
[DEBUG]: (Child Process) Running Command:
[DEBUG]: (Child Process)     uname
[DEBUG]: (Child Process)     -a
[DEBUG]: (Bootstrapper) System Information: Linux beiopc 6.14.0-37-generic #37~24.04.1-Ubuntu SMP PREEMPT_DYNAMIC Thu Nov 20 10:25:38 UTC 2 x86_64 x86_64 x86_64 GNU/Linux
[DEBUG]: (Bootstrapper) Binary Directory: /tmp/.mount_minecrdmJhad/lib/minecraft-pi-reborn
[DEBUG]: (Bootstrapper) Downloading Game...
[DEBUG]: (Child Process) Running Command:
[DEBUG]: (Child Process)     wget
[DEBUG]: (Child Process)     --output-document
[DEBUG]: (Child Process)     /tmp/10386-minecraft-pi-0.1.1.tar.gz.zip
[DEBUG]: (Child Process)     --timeout
[DEBUG]: (Child Process)     30
[DEBUG]: (Child Process)     --user-agent
[DEBUG]: (Child Process)     Mozilla/5.0 (Windows NT 10.0; Win64; x64) AppleWebKit/537.36 (KHTML, like Gecko) Chrome/142.0.0.0 Safari/537.36
[DEBUG]: (Child Process)     --tries
[DEBUG]: (Child Process)     1
[DEBUG]: (Child Process)     https://www.minecraft.net/content/dam/minecraftnet/games/minecraft/software/minecraft-pi-0.1.1.tar.gz.zip
--2025-12-23 19:32:35--  https://www.minecraft.net/content/dam/minecraftnet/games/minecraft/software/minecraft-pi-0.1.1.tar.gz.zip
Resolving www.minecraft.net (www.minecraft.net)... 23.214.22.196, 23.214.22.201
Connecting to www.minecraft.net (www.minecraft.net)|23.214.22.196|:443... connected.
HTTP request sent, awaiting response... 200 OK
Length: unspecified [application/zip]
Saving to: ‘/tmp/10386-minecraft-pi-0.1.1.tar.gz.zip’

     0K .......... .......... .......... .......... .......... 1.52M
    50K .......... .......... .......... .......... .......... 1.39M
   100K .......... .......... .......... .......... .......... 4.01M
   150K .......... .......... .......... .......... .......... 3.44M
   200K .......... .......... .......... .......... .......... 5.62M
   250K .......... .......... .......... .......... .......... 1.76M
   300K .......... .......... .......... .......... ..........  961K
   350K .......... .......... .......... .......... .......... 2.07M
   400K .......... .......... .......... .......... .......... 1.32M
   450K .......... .......... .......... .......... .......... 3.02M
   500K .......... .......... .......... .......... .......... 4.64M
   550K .......... .......... .......... .......... .......... 94.1M
   600K .......... .......... .......... .......... .......... 11.8M
   650K .......... .......... .......... .......... .......... 11.3M
   700K .......... .......... .......... .......... .......... 2.98M
   750K .......... .......... .......... .......... .......... 6.21M
   800K .......... .......... .......... .......... ..........  203M
   850K .......... .......... .......... .......... .......... 11.0M
   900K .......... .......... .......... .......... .......... 5.65M
   950K .......... .......... .......... .......... .......... 43.2M
  1000K .......... .......... .......... .......... .......... 3.75M
  1050K .......... .......... .......... .......... .......... 10.8M
  1100K .......... .......... .......... .......... .......... 3.75M
  1150K .......... .......... .......... .......... .......... 45.8M
  1200K .......... .......... .......... .......... .......... 9.87M
  1250K .......... .......... .......... .......... ..........  240M
  1300K .......... .......... .......... .......... ..........  390M
  1350K .......... .......... .......... .......... ..........  287M
  1400K .......... .......... .....                             464M=0.4s

2025-12-23 19:32:35 (3.93 MB/s) - ‘/tmp/10386-minecraft-pi-0.1.1.tar.gz.zip’ saved [1459861]

[DEBUG]: (Child Process) Running Command:
[DEBUG]: (Child Process)     unzip
[DEBUG]: (Child Process)     -p
[DEBUG]: (Child Process)     /tmp/10386-minecraft-pi-0.1.1.tar.gz.zip
[DEBUG]: (Bootstrapper) Extracting Game...
[DEBUG]: (Child Process) Running Command:
[DEBUG]: (Child Process)     tar
[DEBUG]: (Child Process)     -xf
[DEBUG]: (Child Process)     /tmp/10386-minecraft-pi-0.1.1.tar.gz.zip
[DEBUG]: (Child Process)     -C
[DEBUG]: (Child Process)     /home/beiop/Documents/vs/mcpi-servers/sports_files/versions/0.1.1
[DEBUG]: (Child Process)     --strip-components
[DEBUG]: (Child Process)     1
[DEBUG]: (Bootstrapper) Locating Mods...
[DEBUG]: (Bootstrapper) Found Mod: /tmp/.mount_minecrdmJhad/lib/minecraft-pi-reborn/mods/libmods.so
[DEBUG]: (Bootstrapper) Setting Linker Search Paths...
[DEBUG]: (Bootstrapper) Finding Assets...
[DEBUG]: (Bootstrapper) Set _MCPI_REBORN_ASSETS_PATH = /tmp/.mount_minecrdmJhad/lib/minecraft-pi-reborn/data
[DEBUG]: (Bootstrapper) Set _MCPI_VANILLA_ASSETS_PATH = /home/beiop/Documents/vs/mcpi-servers/sports_files/versions/0.1.1/data
[DEBUG]: (Bootstrapper) Patching ELF...
[DEBUG]: (Bootstrapper) Locked File: /tmp/minecraft-pi-reborn.lock: 8
[DEBUG]: (Bootstrapper) Set _MCPI_LOCK_FD = 8
[DEBUG]: (Bootstrapper) Fixing Environment...
[DEBUG]: (Bootstrapper) Set LD_BIND_NOW = (unset)
[DEBUG]: (Bootstrapper) Set LC_ALL = C.UTF-8
[INFO]: Starting Game...
[DEBUG]: Set MCPI_RENDER_DISTANCE = Tiny
[DEBUG]: Set MCPI_USERNAME = Minecraft Server
[DEBUG]: Caching Callsites...
[DEBUG]: Overwriting Method: Common::getGameVersionString
[DEBUG]: Code Block Allocated At: 0x00728000
[INFO]: Starting Minecraft: Pi Edition (v0.1.1 alpha / Reborn v3.0.0)
[DEBUG]: Unlocked File: 8
[DEBUG]: Overwriting Method: Minecraft::init
[DEBUG]: Overwriting Method: Minecraft::update
[DEBUG]: Overwriting Method: RakNet_RakPeer::IsBanned
[DEBUG]: Overwriting Method: ExternalFileLevelStorage::readLevelData
[DEBUG]: Overwriting Method: RakNetInstance::constructor
[DEBUG]: Overwriting Method: ServerSideNetworkHandler::onDisconnect
[DEBUG]: Overwriting Method: ServerSideNetworkHandler::handle_LoginPacket
[DEBUG]: Patching VTable: ServerSideNetworkHandler::handle_UpdateBlockPacket
[DEBUG]: Overwriting Method: Mob::baseTick
[DEBUG]: Overwriting Method: Entity::isOnFire
[DEBUG]: Overwriting Method: LocalPlayer::tick
[DEBUG]: Overwriting Method: ServerSideNetworkHandler::handle_PlayerActionPacket
[DEBUG]: Overwriting Method: LevelChunk::setTile
[DEBUG]: Overwriting Method: LevelChunk::setTileAndData
[DEBUG]: Overwriting Method: ServerSideNetworkHandler::onReady_ClientGeneration
[DEBUG]: Overwriting Method: StartGamePacket::write
[DEBUG]: Overwriting Method: StartGamePacket::read
[DEBUG]: Overwriting Method: ServerSideNetworkHandler::handle_RequestChunkPacket
[DEBUG]: Overwriting Method: ClientSideNetworkHandler::handle_ChunkDataPacket
[DEBUG]: Overwriting Method: ClientSideNetworkHandler::handle_UpdateBlockPacket
[DEBUG]: Overwriting Method: ClientSideNetworkHandler::onDisconnect
[DEBUG]: Overwriting Method: Minecraft::tick
[DEBUG]: Overwriting Method: ClientSideNetworkHandler::levelGenerated
[DEBUG]: Overwriting Method: RandomLevelSource::getChunk
[DEBUG]: Overwriting Method: Minecraft::tick
[DEBUG]: Overwriting Method: Chunk::rebuild
[DEBUG]: Overwriting Method: AppPlatform_linux::loadTexture
[DEBUG]: Overwriting Method: Inventory::setupDefault
[DEBUG]: Overwriting Method: LocalPlayer::die
[DEBUG]: Overwriting Method: Minecraft::setIsCreativeMode
[DEBUG]: Overwriting Method: Minecraft::getCreator
[DEBUG]: Overwriting Method: LoginPacket::read
[DEBUG]: Overwriting Method: RandomLevelSource::buildSurface
[DEBUG]: Overwriting Method: AppPlatform::readAssetFile
[DEBUG]: Overwriting Method: Item::getCraftingRemainingItem
[DEBUG]: Overwriting Method: Mob::baseTick
[DEBUG]: Overwriting Method: Zombie::aiStep
[DEBUG]: Overwriting Method: Skeleton::aiStep
[DEBUG]: Overwriting Method: Player::tick
[DEBUG]: Overwriting Method: ChestTile::mayPlace
[DEBUG]: Overwriting Method: Level::setInitialSpawn
[DEBUG]: Overwriting Method: Level::validateSpawn
[DEBUG]: Overwriting Method: Level::getTopTile
[DEBUG]: Overwriting Method: TorchTile::onPlace
[DEBUG]: Overwriting Method: TorchTile::getPlacedOnFaceDataValue
[DEBUG]: Overwriting Method: LocalPlayer::die
[DEBUG]: Overwriting Method: RegionFile::writeChunk
[DEBUG]: Overwriting Method: Minecraft::leaveGame
[DEBUG]: Overwriting Method: NinecraftApp::init
[DEBUG]: Overwriting Method: Gui::renderChatMessages
[DEBUG]: Overwriting Method: Gui::tick
[DEBUG]: Overwriting Method: Inventory::selectSlot
[DEBUG]: Overwriting Method: Common::sleepMs
[DEBUG]: Overwriting Method: Gui::addMessage
[DEBUG]: Overwriting Method: Minecraft::update
[DEBUG]: Overwriting Method: Level::saveLevelData
[DEBUG]: Overwriting Method: Common::anGenBuffers
[DEBUG]: Overwriting Method: ChestTileEntity::constructor
[DEBUG]: Overwriting Method: ContainerMenu::constructor
[DEBUG]: Overwriting Method: Level::destructor_complete
[DEBUG]: Overwriting Method: ContainerMenu::destructor_complete
[DEBUG]: Overwriting Method: ChestTileEntity::shouldSave
[DEBUG]: Overwriting Method: GameRenderer::render
[DEBUG]: Overwriting Method: NinecraftApp::initGLStates
[DEBUG]: Overwriting Method: Gui::onConfigChanged
[DEBUG]: Overwriting Method: LevelRenderer::generateSky
[DEBUG]: Patching VTable: ServerPlayer::die
[DEBUG]: Overwriting Method: LocalPlayer::die
[DEBUG]: Overwriting Method: LocalPlayer::actuallyHurt
[DEBUG]: Patching VTable: ServerPlayer::actuallyHurt
[DEBUG]: Overwriting Method: Mob::hurt
[DEBUG]: Setting Render Distance: 3
[DEBUG]: Overwriting Method: Minecraft::init
[DEBUG]: Setting Username: Minecraft Server
[DEBUG]: Overwriting Method: TileRenderer::tesselateBlockInWorld
[DEBUG]: Overwriting Method: Options::update
[DEBUG]: Patching VTable: ServerSideNetworkHandler::handle_ChatPacket
[DEBUG]: Overwriting Method: Gui::handleKeyPressed
[DEBUG]: Overwriting Method: ChatPacket::read
[DEBUG]: Overwriting Method: Minecraft::setLevel
[DEBUG]: Overwriting Method: ServerSideNetworkHandler::displayGameMessage
[DEBUG]: Overwriting Method: Item::initItems
[DEBUG]: Overwriting Method: ItemInstance::getMaxStackSize
[DEBUG]: Overwriting Method: Cow::interact
[DEBUG]: Overwriting Method: Minecraft::tick
[DEBUG]: Overwriting Method: Minecraft::handleMouseDown
[DEBUG]: Overwriting Method: Recipes::constructor
[DEBUG]: Overwriting Method: FurnaceTileEntity::getBurnDuration
[DEBUG]: Overwriting Method: I18n::loadLanguage
[DEBUG]: Overwriting Method: Tile::initTiles
[DEBUG]: Overwriting Method: Item::initItems
[DEBUG]: Overwriting Method: Recipes::constructor
[DEBUG]: Overwriting Method: CommandServer::parse
[DEBUG]: Overwriting Method: Arrow::tick
[DEBUG]: Overwriting Method: Gui::addMessage
[DEBUG]: Overwriting Method: GameMode::useItemOn
[DEBUG]: Overwriting Method: CreatorMode::useItemOn
[DEBUG]: Overwriting Method: CommandServer::_updateClient
[DEBUG]: Overwriting Method: CommandServer::_updateClient
[DEBUG]: Overwriting Method: CommandServer::_close
[DEBUG]: Overwriting Method: ItemInHandRenderer::render
[DEBUG]: Overwriting Method: ItemInHandRenderer::renderScreenEffect
[DEBUG]: Overwriting Method: ItemInHandRenderer::tick
[DEBUG]: Patching VTable: LevelRenderer::entityRemoved
[DEBUG]: Overwriting Method: CommandServer::_close
[DEBUG]: Overwriting Method: Minecraft::leaveGame
[DEBUG]: Overwriting Method: CommandServer::_updateClient
[DEBUG]: Overwriting Method: ClientSideNetworkHandler::handle_MovePlayerPacket
[DEBUG]: Setting Game Mode: Survival
[INFO]: Loading World: world
random.get : 1480174916
[DEBUG]: Setting Game Mode: Survival
[INFO]: Listening On: 19132
[INFO]: Status: Building terrain: 0%
[INFO]: Status: Building terrain: 5%
[INFO]: Status: Building terrain: 10%
[INFO]: Status: Building terrain: 15%
[INFO]: Status: Building terrain: 20%
[INFO]: Status: Building terrain: 25%
[INFO]: Status: Building terrain: 30%
[INFO]: Status: Building terrain: 35%
[INFO]: Status: Building terrain: 40%
[INFO]: Status: Building terrain: 45%
[INFO]: Status: Building terrain: 50%
[INFO]: Status: Building terrain: 55%
[INFO]: Status: Building terrain: 60%
[INFO]: Status: Building terrain: 65%
[INFO]: Status: Building terrain: 70%
[INFO]: Status: Building terrain: 75%
[INFO]: Status: Building terrain: 80%
[INFO]: Status: Building terrain: 85%
[INFO]: Status: Building terrain: 90%
[INFO]: Status: Building terrain: 95%
[INFO]: Status: Saving chunks: 99%
[DEBUG]: Saving Game
[INFO]: Status: Ready
[DEBUG]: Saving Game
[INFO]: BeiopC3 Has Joined (IP: 192.168.10.175)
[CHAT]: BeiopC3 joined the game
[DEBUG]: Saving Game
[INFO]: Stopping Server
[DEBUG]: Saving Game
[DEBUG]: Saving Game
[INFO]: Status: Locating server
[INFO]: Stopped
