[DEBUG]: (Logger) Writing To: /home/beiop/Documents/vs/mcpi-servers/sports_files/logs/2025-12-23-4.log
[DEBUG]: (Child Process) Running Command:
[DEBUG]: (Child Process)     /tmp/.mount_minecrFCMoCh/lib/minecraft-pi-reborn/bootstrap
[DEBUG]: (Bootstrapper) Reborn Version: v3.0.0 (AppImage)
[DEBUG]: (Bootstrapper) Reborn Target Architecture: AMD64
[DEBUG]: (Child Process) Running Command:
[DEBUG]: (Child Process)     uname
[DEBUG]: (Child Process)     -a
[DEBUG]: (Bootstrapper) System Information: Linux beiopc 6.14.0-37-generic #37~24.04.1-Ubuntu SMP PREEMPT_DYNAMIC Thu Nov 20 10:25:38 UTC 2 x86_64 x86_64 x86_64 GNU/Linux
[DEBUG]: (Bootstrapper) Binary Directory: /tmp/.mount_minecrFCMoCh/lib/minecraft-pi-reborn
[DEBUG]: (Bootstrapper) Game Already Downloaded
[DEBUG]: (Bootstrapper) Locating Mods...
[DEBUG]: (Bootstrapper) Found Mod: /tmp/.mount_minecrFCMoCh/lib/minecraft-pi-reborn/mods/libmods.so
[DEBUG]: (Bootstrapper) Setting Linker Search Paths...
[DEBUG]: (Bootstrapper) Finding Assets...
[DEBUG]: (Bootstrapper) Set _MCPI_REBORN_ASSETS_PATH = /tmp/.mount_minecrFCMoCh/lib/minecraft-pi-reborn/data
[DEBUG]: (Bootstrapper) Set _MCPI_VANILLA_ASSETS_PATH = /home/beiop/Documents/vs/mcpi-servers/sports_files/versions/0.1.1/data
[DEBUG]: (Bootstrapper) Patching ELF...
[DEBUG]: (Bootstrapper) Locked File: /tmp/minecraft-pi-reborn.lock: 8
[DEBUG]: (Bootstrapper) Set _MCPI_LOCK_FD = 8
[DEBUG]: (Bootstrapper) Fixing Environment...
[DEBUG]: (Bootstrapper) Set LD_BIND_NOW = (unset)
[DEBUG]: (Bootstrapper) Set LC_ALL = C.UTF-8
[INFO]: Starting Game...
[DEBUG]: Set MCPI_RENDER_DISTANCE = Tiny
[DEBUG]: Set MCPI_USERNAME = Beiop ~Sports~
[DEBUG]: Caching Callsites...
[DEBUG]: Overwriting Method: Common::getGameVersionString
[DEBUG]: Code Block Allocated At: 0x00728000
[INFO]: Starting Minecraft: Pi Edition (v0.1.1 alpha / Reborn v3.0.0)
[DEBUG]: Unlocked File: 8
[DEBUG]: Overwriting Method: Minecraft::init
[DEBUG]: Overwriting Method: Minecraft::update
[DEBUG]: Overwriting Method: RakNet_RakPeer::IsBanned
[DEBUG]: Overwriting Method: ExternalFileLevelStorage::readLevelData
[DEBUG]: Overwriting Method: RakNetInstance::constructor
[DEBUG]: Overwriting Method: ServerSideNetworkHandler::onDisconnect
[DEBUG]: Overwriting Method: ServerSideNetworkHandler::handle_LoginPacket
[DEBUG]: Patching VTable: ServerSideNetworkHandler::handle_UpdateBlockPacket
[DEBUG]: Overwriting Method: Mob::baseTick
[DEBUG]: Overwriting Method: Entity::isOnFire
[DEBUG]: Overwriting Method: LocalPlayer::tick
[DEBUG]: Overwriting Method: ServerSideNetworkHandler::handle_PlayerActionPacket
[DEBUG]: Overwriting Method: LevelChunk::setTile
[DEBUG]: Overwriting Method: LevelChunk::setTileAndData
[DEBUG]: Overwriting Method: ServerSideNetworkHandler::onReady_ClientGeneration
[DEBUG]: Overwriting Method: StartGamePacket::write
[DEBUG]: Overwriting Method: StartGamePacket::read
[DEBUG]: Overwriting Method: ServerSideNetworkHandler::handle_RequestChunkPacket
[DEBUG]: Overwriting Method: ClientSideNetworkHandler::handle_ChunkDataPacket
[DEBUG]: Overwriting Method: ClientSideNetworkHandler::handle_UpdateBlockPacket
[DEBUG]: Overwriting Method: ClientSideNetworkHandler::onDisconnect
[DEBUG]: Overwriting Method: Minecraft::tick
[DEBUG]: Overwriting Method: ClientSideNetworkHandler::levelGenerated
[DEBUG]: Overwriting Method: RandomLevelSource::getChunk
[DEBUG]: Overwriting Method: Minecraft::tick
[DEBUG]: Overwriting Method: Chunk::rebuild
[DEBUG]: Overwriting Method: AppPlatform_linux::loadTexture
[DEBUG]: Overwriting Method: Inventory::setupDefault
[DEBUG]: Overwriting Method: LocalPlayer::die
[DEBUG]: Overwriting Method: Minecraft::setIsCreativeMode
[DEBUG]: Overwriting Method: Minecraft::getCreator
[DEBUG]: Overwriting Method: LoginPacket::read
[DEBUG]: Overwriting Method: RandomLevelSource::buildSurface
[DEBUG]: Overwriting Method: AppPlatform::readAssetFile
[DEBUG]: Overwriting Method: Item::getCraftingRemainingItem
[DEBUG]: Overwriting Method: Mob::baseTick
[DEBUG]: Overwriting Method: Zombie::aiStep
[DEBUG]: Overwriting Method: Skeleton::aiStep
[DEBUG]: Overwriting Method: Player::tick
[DEBUG]: Overwriting Method: ChestTile::mayPlace
[DEBUG]: Overwriting Method: Level::setInitialSpawn
[DEBUG]: Overwriting Method: Level::validateSpawn
[DEBUG]: Overwriting Method: Level::getTopTile
[DEBUG]: Overwriting Method: TorchTile::onPlace
[DEBUG]: Overwriting Method: TorchTile::getPlacedOnFaceDataValue
[DEBUG]: Overwriting Method: LocalPlayer::die
[DEBUG]: Overwriting Method: RegionFile::writeChunk
[DEBUG]: Overwriting Method: Minecraft::leaveGame
[DEBUG]: Overwriting Method: NinecraftApp::init
[DEBUG]: Overwriting Method: Gui::renderChatMessages
[DEBUG]: Overwriting Method: Gui::tick
[DEBUG]: Overwriting Method: Inventory::selectSlot
[DEBUG]: Overwriting Method: Common::sleepMs
[DEBUG]: Overwriting Method: Gui::addMessage
[DEBUG]: Overwriting Method: Minecraft::update
[DEBUG]: Overwriting Method: Level::saveLevelData
[DEBUG]: Overwriting Method: Common::anGenBuffers
[DEBUG]: Overwriting Method: ChestTileEntity::constructor
[DEBUG]: Overwriting Method: ContainerMenu::constructor
[DEBUG]: Overwriting Method: Level::destructor_complete
[DEBUG]: Overwriting Method: ContainerMenu::destructor_complete
[DEBUG]: Overwriting Method: ChestTileEntity::shouldSave
[DEBUG]: Overwriting Method: GameRenderer::render
[DEBUG]: Overwriting Method: NinecraftApp::initGLStates
[DEBUG]: Overwriting Method: Gui::onConfigChanged
[DEBUG]: Overwriting Method: LevelRenderer::generateSky
[DEBUG]: Patching VTable: ServerPlayer::die
[DEBUG]: Overwriting Method: LocalPlayer::die
[DEBUG]: Overwriting Method: LocalPlayer::actuallyHurt
[DEBUG]: Patching VTable: ServerPlayer::actuallyHurt
[DEBUG]: Overwriting Method: Mob::hurt
[DEBUG]: Setting Render Distance: 3
[DEBUG]: Overwriting Method: Minecraft::init
[DEBUG]: Setting Username: Beiop ~Sports~
[DEBUG]: Overwriting Method: TileRenderer::tesselateBlockInWorld
[DEBUG]: Overwriting Method: Options::update
[DEBUG]: Patching VTable: ServerSideNetworkHandler::handle_ChatPacket
[DEBUG]: Overwriting Method: Gui::handleKeyPressed
[DEBUG]: Overwriting Method: ChatPacket::read
[DEBUG]: Overwriting Method: Minecraft::setLevel
[DEBUG]: Overwriting Method: ServerSideNetworkHandler::displayGameMessage
[DEBUG]: Overwriting Method: Item::initItems
[DEBUG]: Overwriting Method: ItemInstance::getMaxStackSize
[DEBUG]: Overwriting Method: Cow::interact
[DEBUG]: Overwriting Method: Minecraft::tick
[DEBUG]: Overwriting Method: Minecraft::handleMouseDown
[DEBUG]: Overwriting Method: Recipes::constructor
[DEBUG]: Overwriting Method: FurnaceTileEntity::getBurnDuration
[DEBUG]: Overwriting Method: I18n::loadLanguage
[DEBUG]: Overwriting Method: Tile::initTiles
[DEBUG]: Overwriting Method: Item::initItems
[DEBUG]: Overwriting Method: Recipes::constructor
[DEBUG]: Overwriting Method: CommandServer::parse
[DEBUG]: Overwriting Method: Arrow::tick
[DEBUG]: Overwriting Method: Gui::addMessage
[DEBUG]: Overwriting Method: GameMode::useItemOn
[DEBUG]: Overwriting Method: CreatorMode::useItemOn
[DEBUG]: Overwriting Method: CommandServer::_updateClient
[DEBUG]: Overwriting Method: CommandServer::_updateClient
[DEBUG]: Overwriting Method: CommandServer::_close
[DEBUG]: Overwriting Method: ItemInHandRenderer::render
[DEBUG]: Overwriting Method: ItemInHandRenderer::renderScreenEffect
[DEBUG]: Overwriting Method: ItemInHandRenderer::tick
[DEBUG]: Patching VTable: LevelRenderer::entityRemoved
[DEBUG]: Overwriting Method: CommandServer::_close
[DEBUG]: Overwriting Method: Minecraft::leaveGame
[DEBUG]: Overwriting Method: CommandServer::_updateClient
[DEBUG]: Overwriting Method: ClientSideNetworkHandler::handle_MovePlayerPacket
[DEBUG]: Setting Game Mode: Survival
[INFO]: Loading World: sports
random.get : 1863435983
[DEBUG]: Setting Game Mode: Survival
[INFO]: Listening On: 19137
[INFO]: Status: Building terrain: 1%
[INFO]: Status: Building terrain: 6%
[INFO]: Status: Building terrain: 11%
[INFO]: Status: Building terrain: 16%
[INFO]: Status: Building terrain: 21%
[INFO]: Status: Building terrain: 26%
[INFO]: Status: Building terrain: 31%
[INFO]: Status: Building terrain: 36%
[INFO]: Status: Building terrain: 41%
[INFO]: Status: Building terrain: 46%
[INFO]: Status: Building terrain: 51%
[INFO]: Status: Building terrain: 56%
[INFO]: Status: Building terrain: 61%
[INFO]: Status: Building terrain: 66%
[INFO]: Status: Building terrain: 71%
[INFO]: Status: Building terrain: 76%
[INFO]: Status: Building terrain: 81%
[INFO]: Status: Building terrain: 86%
[INFO]: Status: Building terrain: 91%
[INFO]: Status: Building terrain: 96%
[INFO]: Status: Saving chunks: 99%
[DEBUG]: Saving Game
[INFO]: Status: Ready
[INFO]: BeiopC3 Has Joined (IP: 127.0.0.1)
[CHAT]: BeiopC3 joined the game
[DEBUG]: Saving Game
[CHAT]: <BeiopC3> API working!
[CHAT]: <BeiopC3> -0.340965,0.0,1.30374
[DEBUG]: Saving Game
[DEBUG]: Saving Game
[CHAT]: <BeiopC3> API working!
[DEBUG]: Saving Game
[CHAT]: <BeiopC3> API working!
[CHAT]: <BeiopC3> API working!
[CHAT]: <BeiopC3> API working!
[CHAT]: <BeiopC3> API working!
[DEBUG]: Saving Game
[CHAT]: <BeiopC3> API working!
[CHAT]: <BeiopC3> API working!
[CHAT]: <BeiopC3> API working!
[DEBUG]: Saving Game
[CHAT]: <BeiopC3> API working!
[DEBUG]: Saving Game
[CHAT]: API working!
[CHAT]: API working!
[DEBUG]: Saving Game
[CHAT]: API working!
[DEBUG]: Saving Game
[CHAT]: BeiopC3 disconnected from the game
[CHAT]: BeiopC3 joined the game
[INFO]: BeiopC3 Has Joined (IP: 127.0.0.1)
[DEBUG]: Saving Game
[CHAT]: BeiopC3 disconnected from the game
[INFO]: BeiopC3 Has Joined (IP: 127.0.0.1)
[CHAT]: BeiopC3 joined the game
[DEBUG]: Saving Game
[INFO]: BeiopC3 Has Joined (IP: 127.0.0.1)
[CHAT]: BeiopC3 joined the game
[INFO]: BeiopC3 Has Joined (IP: 127.0.0.1)
[CHAT]: BeiopC3 joined the game
[INFO]: BeiopC3 Has Joined (IP: 127.0.0.1)
[CHAT]: BeiopC3 joined the game
[DEBUG]: Saving Game
[CHAT]: API working!
[DEBUG]: Saving Game
[CHAT]: BeiopC3 was killed by BeiopC3
[DEBUG]: Saving Game
[DEBUG]: Saving Game
[DEBUG]: Saving Game
[DEBUG]: Saving Game
[DEBUG]: Saving Game
[CHAT]: API working!
[DEBUG]: Saving Game
[DEBUG]: Saving Game
[DEBUG]: Saving Game
[DEBUG]: Saving Game
[DEBUG]: Saving Game
[DEBUG]: Saving Game
[DEBUG]: Saving Game
[DEBUG]: Saving Game
[CHAT]: API working!
[DEBUG]: Saving Game
[DEBUG]: Saving Game
[CHAT]: API working!
[DEBUG]: Saving Game
[CHAT]: API working!
[CHAT]: API working!
[DEBUG]: Saving Game
[DEBUG]: Saving Game
[DEBUG]: Saving Game
[CHAT]: API working!
[DEBUG]: Saving Game
[CHAT]: BeiopC3 disconnected from the game
[CHAT]: API working!
[INFO]: BeiopC3 Has Joined (IP: 127.0.0.1)
[CHAT]: BeiopC3 joined the game
[DEBUG]: Saving Game
[CHAT]: API working!
[DEBUG]: Saving Game
[CHAT]: API working!
[INFO]: BeiopC3 Has Joined (IP: 127.0.0.1)
[CHAT]: BeiopC3 joined the game
[DEBUG]: Saving Game
[CHAT]: API working!
[DEBUG]: Saving Game
[DEBUG]: Saving Game
[DEBUG]: Saving Game
[DEBUG]: Saving Game
[DEBUG]: Saving Game
[DEBUG]: Saving Game
[DEBUG]: Saving Game
[DEBUG]: Saving Game
[DEBUG]: Saving Game
[DEBUG]: Saving Game
[DEBUG]: Saving Game
[DEBUG]: Saving Game
[DEBUG]: Saving Game
[DEBUG]: Saving Game
[DEBUG]: Saving Game
[CHAT]: BeiopC3 disconnected from the game
[CHAT]: BeiopC3 disconnected from the game
[DEBUG]: Saving Game
[CHAT]: BeiopC3 disconnected from the game
[INFO]: BeiopC3 Has Joined (IP: 127.0.0.1)
[CHAT]: BeiopC3 joined the game
[INFO]: BeiopC3 Has Joined (IP: 127.0.0.1)
[CHAT]: BeiopC3 joined the game
[DEBUG]: Saving Game
[DEBUG]: Saving Game
[DEBUG]: Saving Game
[DEBUG]: Saving Game
[DEBUG]: Saving Game
[DEBUG]: Saving Game
[CHAT]: API working!
[DEBUG]: Saving Game
[DEBUG]: Saving Game
[DEBUG]: Saving Game
[DEBUG]: Saving Game
[DEBUG]: Saving Game
[CHAT]: API working!
[DEBUG]: Saving Game
[CHAT]: API working!
[DEBUG]: Saving Game
[DEBUG]: Saving Game
[DEBUG]: Saving Game
[CHAT]: API working!
[DEBUG]: Saving Game
[DEBUG]: Saving Game
[DEBUG]: Saving Game
[DEBUG]: Saving Game
[DEBUG]: Saving Game
[DEBUG]: Saving Game
[CHAT]: API working!
[DEBUG]: Saving Game
[CHAT]: API working!
[DEBUG]: Saving Game
[DEBUG]: Saving Game
[DEBUG]: Saving Game
[CHAT]: API working!
[DEBUG]: Saving Game
[CHAT]: API working!
[DEBUG]: Saving Game
[CHAT]: API working!
[DEBUG]: Saving Game
[CHAT]: API working!
[CHAT]: API working!
[DEBUG]: Saving Game
[CHAT]: API working!
[DEBUG]: Saving Game
[CHAT]: API working!
[DEBUG]: Saving Game
[DEBUG]: Saving Game
[DEBUG]: Saving Game
[DEBUG]: Saving Game
[CHAT]: API working!
[DEBUG]: Saving Game
[CHAT]: API working!
[DEBUG]: Saving Game
[DEBUG]: Saving Game
[DEBUG]: Saving Game
[DEBUG]: Saving Game
[CHAT]: API working!
[DEBUG]: Saving Game
[CHAT]: API working!
[CHAT]: API working!
[DEBUG]: Saving Game
[CHAT]: API working!
[DEBUG]: Saving Game
[DEBUG]: Saving Game
[DEBUG]: Saving Game
[DEBUG]: Saving Game
[DEBUG]: Saving Game
[DEBUG]: Saving Game
[DEBUG]: Saving Game
[DEBUG]: Saving Game
[DEBUG]: Saving Game
[DEBUG]: Saving Game
[DEBUG]: Saving Game
[DEBUG]: Saving Game
[DEBUG]: Saving Game
[DEBUG]: Saving Game
[DEBUG]: Saving Game
[DEBUG]: Saving Game
[DEBUG]: Saving Game
[DEBUG]: Saving Game
[DEBUG]: Saving Game
[DEBUG]: Saving Game
[DEBUG]: Saving Game
[DEBUG]: Saving Game
[DEBUG]: Saving Game
[DEBUG]: Saving Game
[DEBUG]: Saving Game
[DEBUG]: Saving Game
[DEBUG]: Saving Game
[DEBUG]: Saving Game
[DEBUG]: Saving Game
[DEBUG]: Saving Game
[DEBUG]: Saving Game
[DEBUG]: Saving Game
[DEBUG]: Saving Game
[DEBUG]: Saving Game
[DEBUG]: Saving Game
[DEBUG]: Saving Game
[DEBUG]: Saving Game
[DEBUG]: Saving Game
[DEBUG]: Saving Game
[DEBUG]: Saving Game
[DEBUG]: Saving Game
[DEBUG]: Saving Game
[DEBUG]: Saving Game
[DEBUG]: Saving Game
[DEBUG]: Saving Game
[DEBUG]: Saving Game
[DEBUG]: Saving Game
[DEBUG]: Saving Game
[DEBUG]: Saving Game
[DEBUG]: Saving Game
[DEBUG]: Saving Game
[DEBUG]: Saving Game
[DEBUG]: Saving Game
[DEBUG]: Saving Game
[DEBUG]: Saving Game
[DEBUG]: Saving Game
[DEBUG]: Saving Game
[DEBUG]: Saving Game
[DEBUG]: Saving Game
[DEBUG]: Saving Game
[DEBUG]: Saving Game
[DEBUG]: Saving Game
[DEBUG]: Saving Game
[DEBUG]: Saving Game
[DEBUG]: Saving Game
[DEBUG]: Saving Game
[DEBUG]: Saving Game
[DEBUG]: Saving Game
[DEBUG]: Saving Game
[DEBUG]: Saving Game
[DEBUG]: Saving Game
[DEBUG]: Saving Game
[DEBUG]: Saving Game
[DEBUG]: Saving Game
[DEBUG]: Saving Game
[DEBUG]: Saving Game
[DEBUG]: Saving Game
[DEBUG]: Saving Game
[DEBUG]: Saving Game
[DEBUG]: Saving Game
[DEBUG]: Saving Game
[DEBUG]: Saving Game
[DEBUG]: Saving Game
[DEBUG]: Saving Game
[DEBUG]: Saving Game
[DEBUG]: Saving Game
[DEBUG]: Saving Game
[DEBUG]: Saving Game
[DEBUG]: Saving Game
[DEBUG]: Saving Game
[DEBUG]: Saving Game
[DEBUG]: Saving Game
[DEBUG]: Saving Game
[DEBUG]: Saving Game
[DEBUG]: Saving Game
[DEBUG]: Saving Game
[DEBUG]: Saving Game
[DEBUG]: Saving Game
[DEBUG]: Saving Game
[DEBUG]: Saving Game
[DEBUG]: Saving Game
[DEBUG]: Saving Game
[DEBUG]: Saving Game
[DEBUG]: Saving Game
[DEBUG]: Saving Game
[DEBUG]: Saving Game
[DEBUG]: Saving Game
[DEBUG]: Saving Game
[DEBUG]: Saving Game
[DEBUG]: Saving Game
[DEBUG]: Saving Game
[DEBUG]: Saving Game
[DEBUG]: Saving Game
[DEBUG]: Saving Game
[DEBUG]: Saving Game
[DEBUG]: Saving Game
[DEBUG]: Saving Game
[DEBUG]: Saving Game
[DEBUG]: Saving Game
[DEBUG]: Saving Game
[DEBUG]: Saving Game
[DEBUG]: Saving Game
[DEBUG]: Saving Game
[DEBUG]: Saving Game
[DEBUG]: Saving Game
[DEBUG]: Saving Game
[DEBUG]: Saving Game
[DEBUG]: Saving Game
[DEBUG]: Saving Game
[DEBUG]: Saving Game
[DEBUG]: Saving Game
[DEBUG]: Saving Game
[DEBUG]: Saving Game
[DEBUG]: Saving Game
[DEBUG]: Saving Game
[DEBUG]: Saving Game
[DEBUG]: Saving Game
[DEBUG]: Saving Game
[DEBUG]: Saving Game
[DEBUG]: Saving Game
[DEBUG]: Saving Game
[DEBUG]: Saving Game
[DEBUG]: Saving Game
[DEBUG]: Saving Game
[DEBUG]: Saving Game
[DEBUG]: Saving Game
[DEBUG]: Saving Game
[DEBUG]: Saving Game
[DEBUG]: Saving Game
[DEBUG]: Saving Game
[DEBUG]: Saving Game
[DEBUG]: Saving Game
[DEBUG]: Saving Game
[DEBUG]: Saving Game
[DEBUG]: Saving Game
[DEBUG]: Saving Game
[DEBUG]: Saving Game
[DEBUG]: Saving Game
[DEBUG]: Saving Game
[DEBUG]: Saving Game
[DEBUG]: Saving Game
[DEBUG]: Saving Game
[DEBUG]: Saving Game
[DEBUG]: Saving Game
[DEBUG]: Saving Game
[DEBUG]: Saving Game
[DEBUG]: Saving Game
[DEBUG]: Saving Game
[DEBUG]: Saving Game
[DEBUG]: Saving Game
[DEBUG]: Saving Game
[DEBUG]: Saving Game
[DEBUG]: Saving Game
[DEBUG]: Saving Game
[DEBUG]: Saving Game
[DEBUG]: Saving Game
[DEBUG]: Saving Game
[DEBUG]: Saving Game
[DEBUG]: Saving Game
[DEBUG]: Saving Game
[DEBUG]: Saving Game
[DEBUG]: Saving Game
[DEBUG]: Saving Game
[DEBUG]: Saving Game
[DEBUG]: Saving Game
[DEBUG]: Saving Game
[DEBUG]: Saving Game
[DEBUG]: Saving Game
[DEBUG]: Saving Game
[DEBUG]: Saving Game
[DEBUG]: Saving Game
[DEBUG]: Saving Game
[DEBUG]: Saving Game
[DEBUG]: Saving Game
[DEBUG]: Saving Game
[DEBUG]: Saving Game
[DEBUG]: Saving Game
[DEBUG]: Saving Game
[DEBUG]: Saving Game
[DEBUG]: Saving Game
[DEBUG]: Saving Game
[DEBUG]: Saving Game
[DEBUG]: Saving Game
[DEBUG]: Saving Game
[DEBUG]: Saving Game
[DEBUG]: Saving Game
[DEBUG]: Saving Game
[DEBUG]: Saving Game
[DEBUG]: Saving Game
[DEBUG]: Saving Game
[DEBUG]: Saving Game
[DEBUG]: Saving Game
[DEBUG]: Saving Game
[DEBUG]: Saving Game
[DEBUG]: Saving Game
[DEBUG]: Saving Game
[DEBUG]: Saving Game
[DEBUG]: Saving Game
[DEBUG]: Saving Game
[DEBUG]: Saving Game
[DEBUG]: Saving Game
[DEBUG]: Saving Game
[DEBUG]: Saving Game
[DEBUG]: Saving Game
[DEBUG]: Saving Game
[DEBUG]: Saving Game
[DEBUG]: Saving Game
[DEBUG]: Saving Game
[DEBUG]: Saving Game
[DEBUG]: Saving Game
[DEBUG]: Saving Game
[DEBUG]: Saving Game
[DEBUG]: Saving Game
[DEBUG]: Saving Game
[DEBUG]: Saving Game
[DEBUG]: Saving Game
[DEBUG]: Saving Game
[DEBUG]: Saving Game
[DEBUG]: Saving Game
[DEBUG]: Saving Game
[DEBUG]: Saving Game
[DEBUG]: Saving Game
[DEBUG]: Saving Game
[DEBUG]: Saving Game
[DEBUG]: Saving Game
[DEBUG]: Saving Game
[DEBUG]: Saving Game
[DEBUG]: Saving Game
[DEBUG]: Saving Game
[DEBUG]: Saving Game
[DEBUG]: Saving Game
[DEBUG]: Saving Game
[DEBUG]: Saving Game
[DEBUG]: Saving Game
[DEBUG]: Saving Game
[DEBUG]: Saving Game
[DEBUG]: Saving Game
[DEBUG]: Saving Game
[DEBUG]: Saving Game
[DEBUG]: Saving Game
[DEBUG]: Saving Game
[DEBUG]: Saving Game
[DEBUG]: Saving Game
[DEBUG]: Saving Game
[DEBUG]: Saving Game
[DEBUG]: Saving Game
[DEBUG]: Saving Game
[DEBUG]: Saving Game
[DEBUG]: Saving Game
[DEBUG]: Saving Game
[DEBUG]: Saving Game
[DEBUG]: Saving Game
[DEBUG]: Saving Game
[DEBUG]: Saving Game
[DEBUG]: Saving Game
[DEBUG]: Saving Game
[DEBUG]: Saving Game
[DEBUG]: Saving Game
[DEBUG]: Saving Game
[DEBUG]: Saving Game
[DEBUG]: Saving Game
[DEBUG]: Saving Game
[DEBUG]: Saving Game
[DEBUG]: Saving Game
[DEBUG]: Saving Game
[DEBUG]: Saving Game
[DEBUG]: Saving Game
[DEBUG]: Saving Game
[DEBUG]: Saving Game
[DEBUG]: Saving Game
[DEBUG]: Saving Game
[DEBUG]: Saving Game
[DEBUG]: Saving Game
[DEBUG]: Saving Game
[DEBUG]: Saving Game
[DEBUG]: Saving Game
[DEBUG]: Saving Game
[DEBUG]: Saving Game
[DEBUG]: Saving Game
[DEBUG]: Saving Game
[DEBUG]: Saving Game
[DEBUG]: Saving Game
[DEBUG]: Saving Game
[DEBUG]: Saving Game
[DEBUG]: Saving Game
[DEBUG]: Saving Game
[DEBUG]: Saving Game
[DEBUG]: Saving Game
[DEBUG]: Saving Game
[DEBUG]: Saving Game
[DEBUG]: Saving Game
[DEBUG]: Saving Game
[DEBUG]: Saving Game
[DEBUG]: Saving Game
[DEBUG]: Saving Game
[DEBUG]: Saving Game
[DEBUG]: Saving Game
[DEBUG]: Saving Game
[DEBUG]: Saving Game
[DEBUG]: Saving Game
[DEBUG]: Saving Game
[DEBUG]: Saving Game
[DEBUG]: Saving Game
[DEBUG]: Saving Game
[DEBUG]: Saving Game
[DEBUG]: Saving Game
[DEBUG]: Saving Game
[DEBUG]: Saving Game
[DEBUG]: Saving Game
[DEBUG]: Saving Game
[DEBUG]: Saving Game
[DEBUG]: Saving Game
[DEBUG]: Saving Game
[DEBUG]: Saving Game
[DEBUG]: Saving Game
[DEBUG]: Saving Game
[DEBUG]: Saving Game
[DEBUG]: Saving Game
[DEBUG]: Saving Game
[DEBUG]: Saving Game
[DEBUG]: Saving Game
[DEBUG]: Saving Game
[DEBUG]: Saving Game
[DEBUG]: Saving Game
[DEBUG]: Saving Game
[DEBUG]: Saving Game
[DEBUG]: Saving Game
[DEBUG]: Saving Game
[DEBUG]: Saving Game
[DEBUG]: Saving Game
[DEBUG]: Saving Game
[DEBUG]: Saving Game
[DEBUG]: Saving Game
[DEBUG]: Saving Game
[DEBUG]: Saving Game
[DEBUG]: Saving Game
[DEBUG]: Saving Game
[DEBUG]: Saving Game
[DEBUG]: Saving Game
[DEBUG]: Saving Game
[DEBUG]: Saving Game
[DEBUG]: Saving Game
[DEBUG]: Saving Game
[DEBUG]: Saving Game
[DEBUG]: Saving Game
[DEBUG]: Saving Game
[DEBUG]: Saving Game
[DEBUG]: Saving Game
[DEBUG]: Saving Game
[DEBUG]: Saving Game
[DEBUG]: Saving Game
[DEBUG]: Saving Game
[DEBUG]: Saving Game
[DEBUG]: Saving Game
[DEBUG]: Saving Game
[DEBUG]: Saving Game
[DEBUG]: Saving Game
[DEBUG]: Saving Game
[DEBUG]: Saving Game
[DEBUG]: Saving Game
[DEBUG]: Saving Game
[DEBUG]: Saving Game
[DEBUG]: Saving Game
[DEBUG]: Saving Game
[DEBUG]: Saving Game
[DEBUG]: Saving Game
[DEBUG]: Saving Game
[DEBUG]: Saving Game
[DEBUG]: Saving Game
[DEBUG]: Saving Game
[DEBUG]: Saving Game
[DEBUG]: Saving Game
[DEBUG]: Saving Game
[DEBUG]: Saving Game
[DEBUG]: Saving Game
[DEBUG]: Saving Game
[DEBUG]: Saving Game
[DEBUG]: Saving Game
[DEBUG]: Saving Game
[DEBUG]: Saving Game
[DEBUG]: Saving Game
[DEBUG]: Saving Game
[DEBUG]: Saving Game
[DEBUG]: Saving Game
[DEBUG]: Saving Game
[DEBUG]: Saving Game
[DEBUG]: Saving Game
[DEBUG]: Saving Game
[DEBUG]: Saving Game
[DEBUG]: Saving Game
[DEBUG]: Saving Game
[DEBUG]: Saving Game
[DEBUG]: Saving Game
[DEBUG]: Saving Game
[DEBUG]: Saving Game
[DEBUG]: Saving Game
[DEBUG]: Saving Game
[DEBUG]: Saving Game
[DEBUG]: Saving Game
[DEBUG]: Saving Game
[DEBUG]: Saving Game
[DEBUG]: Saving Game
[DEBUG]: Saving Game
[DEBUG]: Saving Game
[DEBUG]: Saving Game
[DEBUG]: Saving Game
[DEBUG]: Saving Game
[DEBUG]: Saving Game
[DEBUG]: Saving Game
[DEBUG]: Saving Game
[DEBUG]: Saving Game
[DEBUG]: Saving Game
[DEBUG]: Saving Game
[DEBUG]: Saving Game
[DEBUG]: Saving Game
[DEBUG]: Saving Game
[DEBUG]: Saving Game
[DEBUG]: Saving Game
[DEBUG]: Saving Game
[DEBUG]: Saving Game
[DEBUG]: Saving Game
[DEBUG]: Saving Game
[DEBUG]: Saving Game
[DEBUG]: Saving Game
[DEBUG]: Saving Game
[DEBUG]: Saving Game
[DEBUG]: Saving Game
[DEBUG]: Saving Game
[DEBUG]: Saving Game
[DEBUG]: Saving Game
[DEBUG]: Saving Game
[DEBUG]: Saving Game
[DEBUG]: Saving Game
[DEBUG]: Saving Game
[DEBUG]: Saving Game
[DEBUG]: Saving Game
[DEBUG]: Saving Game
[DEBUG]: Saving Game
[DEBUG]: Saving Game
[DEBUG]: Saving Game
[DEBUG]: Saving Game
[DEBUG]: Saving Game
[DEBUG]: Saving Game
[DEBUG]: Saving Game
[DEBUG]: Saving Game
[DEBUG]: Saving Game
[DEBUG]: Saving Game
[DEBUG]: Saving Game
[DEBUG]: Saving Game
[DEBUG]: Saving Game
[DEBUG]: Saving Game
[DEBUG]: Saving Game
[DEBUG]: Saving Game
[DEBUG]: Saving Game
[DEBUG]: Saving Game
[DEBUG]: Saving Game
[DEBUG]: Saving Game
[DEBUG]: Saving Game
[DEBUG]: Saving Game
[DEBUG]: Saving Game
[DEBUG]: Saving Game
[DEBUG]: Saving Game
[DEBUG]: Saving Game
[DEBUG]: Saving Game
[DEBUG]: Saving Game
[DEBUG]: Saving Game
[DEBUG]: Saving Game
[DEBUG]: Saving Game
[DEBUG]: Saving Game
[DEBUG]: Saving Game
[DEBUG]: Saving Game
[DEBUG]: Saving Game
[DEBUG]: Saving Game
[DEBUG]: Saving Game
[DEBUG]: Saving Game
[DEBUG]: Saving Game
[DEBUG]: Saving Game
[DEBUG]: Saving Game
[DEBUG]: Saving Game
[DEBUG]: Saving Game
[DEBUG]: Saving Game
[DEBUG]: Saving Game
[DEBUG]: Saving Game
[DEBUG]: Saving Game
[DEBUG]: Saving Game
[DEBUG]: Saving Game
[DEBUG]: Saving Game
[DEBUG]: Saving Game
[DEBUG]: Saving Game
[DEBUG]: Saving Game
[DEBUG]: Saving Game
[DEBUG]: Saving Game
[DEBUG]: Saving Game
[DEBUG]: Saving Game
[DEBUG]: Saving Game
[DEBUG]: Saving Game
[DEBUG]: Saving Game
[DEBUG]: Saving Game
[DEBUG]: Saving Game
[DEBUG]: Saving Game
[DEBUG]: Saving Game
[DEBUG]: Saving Game
[DEBUG]: Saving Game
[DEBUG]: Saving Game
[DEBUG]: Saving Game
[DEBUG]: Saving Game
[DEBUG]: Saving Game
[DEBUG]: Saving Game
[DEBUG]: Saving Game
[DEBUG]: Saving Game
[DEBUG]: Saving Game
[DEBUG]: Saving Game
[DEBUG]: Saving Game
[DEBUG]: Saving Game
[DEBUG]: Saving Game
[DEBUG]: Saving Game
[DEBUG]: Saving Game
[DEBUG]: Saving Game
[DEBUG]: Saving Game
[DEBUG]: Saving Game
[DEBUG]: Saving Game
[DEBUG]: Saving Game
[DEBUG]: Saving Game
[DEBUG]: Saving Game
[DEBUG]: Saving Game
[DEBUG]: Saving Game
[CHAT]: BeiopC3 disconnected from the game
[CHAT]: BeiopC3 disconnected from the game
[CHAT]: BeiopC3 disconnected from the game
[CHAT]: BeiopC3 disconnected from the game
[CHAT]: API working!
[CHAT]: API working!
[INFO]: BeiopC3 Has Joined (IP: 127.0.0.1)
[CHAT]: BeiopC3 joined the game
[DEBUG]: Saving Game
[CHAT]: API working!
[CHAT]: Welcome QmVpb3BDMw
[DEBUG]: Saving Game
[CHAT]: API working!
[CHAT]: Welcome QmVpb3BDMw
[CHAT]: API working!
[CHAT]: Welcome QmVpb3BDMw
[CHAT]: BeiopC3 disconnected from the game
[INFO]: BeiopC3 Has Joined (IP: 127.0.0.1)
[CHAT]: BeiopC3 joined the game
[DEBUG]: Saving Game
[DEBUG]: Saving Game
[CHAT]: API working!
[CHAT]: Welcome QmVpb3BDMw
[CHAT]: BeiopC3 disconnected from the game
[CHAT]: API working!
[CHAT]: API working!
[INFO]: BeiopC3 Has Joined (IP: 127.0.0.1)
[CHAT]: BeiopC3 joined the game
[DEBUG]: Saving Game
[CHAT]: Welcome QmVpb3BDMw
[CHAT]: BeiopC3 has died
[DEBUG]: Saving Game
[DEBUG]: Saving Game
[DEBUG]: Saving Game
[DEBUG]: Saving Game
[DEBUG]: Saving Game
[DEBUG]: Saving Game
[DEBUG]: Saving Game
[DEBUG]: Saving Game
[DEBUG]: Saving Game
[DEBUG]: Saving Game
[DEBUG]: Saving Game
[DEBUG]: Saving Game
[DEBUG]: Saving Game
[DEBUG]: Saving Game
[DEBUG]: Saving Game
[DEBUG]: Saving Game
[DEBUG]: Saving Game
[INFO]: Stopping Server
[DEBUG]: Saving Game
[DEBUG]: Saving Game
[INFO]: Status: Locating server
[INFO]: Stopped
